Archive member included to satisfy reference by file (symbol)

c:/program files/st/stm32cubeide_1.10.1/stm32cubeide/plugins/com.st.stm32cube.ide.mcu.externaltools.gnu-tools-for-stm32.10.3-2021.10.win32_1.0.0.202111181127/tools/bin/../lib/gcc/arm-none-eabi/10.3.1/../../../../arm-none-eabi/lib/thumb/v7-m/nofp\libc_nano.a(lib_a-errno.o)
                              ./Core/Src/syscalls.o (__errno)
c:/program files/st/stm32cubeide_1.10.1/stm32cubeide/plugins/com.st.stm32cube.ide.mcu.externaltools.gnu-tools-for-stm32.10.3-2021.10.win32_1.0.0.202111181127/tools/bin/../lib/gcc/arm-none-eabi/10.3.1/../../../../arm-none-eabi/lib/thumb/v7-m/nofp\libc_nano.a(lib_a-exit.o)
                              c:/program files/st/stm32cubeide_1.10.1/stm32cubeide/plugins/com.st.stm32cube.ide.mcu.externaltools.gnu-tools-for-stm32.10.3-2021.10.win32_1.0.0.202111181127/tools/bin/../lib/gcc/arm-none-eabi/10.3.1/../../../../arm-none-eabi/lib/thumb/v7-m/nofp/crt0.o (exit)
c:/program files/st/stm32cubeide_1.10.1/stm32cubeide/plugins/com.st.stm32cube.ide.mcu.externaltools.gnu-tools-for-stm32.10.3-2021.10.win32_1.0.0.202111181127/tools/bin/../lib/gcc/arm-none-eabi/10.3.1/../../../../arm-none-eabi/lib/thumb/v7-m/nofp\libc_nano.a(lib_a-impure.o)
                              c:/program files/st/stm32cubeide_1.10.1/stm32cubeide/plugins/com.st.stm32cube.ide.mcu.externaltools.gnu-tools-for-stm32.10.3-2021.10.win32_1.0.0.202111181127/tools/bin/../lib/gcc/arm-none-eabi/10.3.1/../../../../arm-none-eabi/lib/thumb/v7-m/nofp\libc_nano.a(lib_a-exit.o) (_global_impure_ptr)
c:/program files/st/stm32cubeide_1.10.1/stm32cubeide/plugins/com.st.stm32cube.ide.mcu.externaltools.gnu-tools-for-stm32.10.3-2021.10.win32_1.0.0.202111181127/tools/bin/../lib/gcc/arm-none-eabi/10.3.1/../../../../arm-none-eabi/lib/thumb/v7-m/nofp\libc_nano.a(lib_a-init.o)
                              c:/program files/st/stm32cubeide_1.10.1/stm32cubeide/plugins/com.st.stm32cube.ide.mcu.externaltools.gnu-tools-for-stm32.10.3-2021.10.win32_1.0.0.202111181127/tools/bin/../lib/gcc/arm-none-eabi/10.3.1/../../../../arm-none-eabi/lib/thumb/v7-m/nofp/crt0.o (__libc_init_array)
c:/program files/st/stm32cubeide_1.10.1/stm32cubeide/plugins/com.st.stm32cube.ide.mcu.externaltools.gnu-tools-for-stm32.10.3-2021.10.win32_1.0.0.202111181127/tools/bin/../lib/gcc/arm-none-eabi/10.3.1/../../../../arm-none-eabi/lib/thumb/v7-m/nofp\libc_nano.a(lib_a-memset.o)
                              c:/program files/st/stm32cubeide_1.10.1/stm32cubeide/plugins/com.st.stm32cube.ide.mcu.externaltools.gnu-tools-for-stm32.10.3-2021.10.win32_1.0.0.202111181127/tools/bin/../lib/gcc/arm-none-eabi/10.3.1/../../../../arm-none-eabi/lib/thumb/v7-m/nofp/crt0.o (memset)

Discarded input sections

 .text          0x0000000000000000        0x0 c:/program files/st/stm32cubeide_1.10.1/stm32cubeide/plugins/com.st.stm32cube.ide.mcu.externaltools.gnu-tools-for-stm32.10.3-2021.10.win32_1.0.0.202111181127/tools/bin/../lib/gcc/arm-none-eabi/10.3.1/thumb/v7-m/nofp/crti.o
 .data          0x0000000000000000        0x0 c:/program files/st/stm32cubeide_1.10.1/stm32cubeide/plugins/com.st.stm32cube.ide.mcu.externaltools.gnu-tools-for-stm32.10.3-2021.10.win32_1.0.0.202111181127/tools/bin/../lib/gcc/arm-none-eabi/10.3.1/thumb/v7-m/nofp/crti.o
 .bss           0x0000000000000000        0x0 c:/program files/st/stm32cubeide_1.10.1/stm32cubeide/plugins/com.st.stm32cube.ide.mcu.externaltools.gnu-tools-for-stm32.10.3-2021.10.win32_1.0.0.202111181127/tools/bin/../lib/gcc/arm-none-eabi/10.3.1/thumb/v7-m/nofp/crti.o
 .data          0x0000000000000000        0x4 c:/program files/st/stm32cubeide_1.10.1/stm32cubeide/plugins/com.st.stm32cube.ide.mcu.externaltools.gnu-tools-for-stm32.10.3-2021.10.win32_1.0.0.202111181127/tools/bin/../lib/gcc/arm-none-eabi/10.3.1/thumb/v7-m/nofp/crtbegin.o
 .rodata        0x0000000000000000       0x24 c:/program files/st/stm32cubeide_1.10.1/stm32cubeide/plugins/com.st.stm32cube.ide.mcu.externaltools.gnu-tools-for-stm32.10.3-2021.10.win32_1.0.0.202111181127/tools/bin/../lib/gcc/arm-none-eabi/10.3.1/thumb/v7-m/nofp/crtbegin.o
 .text          0x0000000000000000       0x7c c:/program files/st/stm32cubeide_1.10.1/stm32cubeide/plugins/com.st.stm32cube.ide.mcu.externaltools.gnu-tools-for-stm32.10.3-2021.10.win32_1.0.0.202111181127/tools/bin/../lib/gcc/arm-none-eabi/10.3.1/../../../../arm-none-eabi/lib/thumb/v7-m/nofp/crt0.o
 .data          0x0000000000000000        0x0 c:/program files/st/stm32cubeide_1.10.1/stm32cubeide/plugins/com.st.stm32cube.ide.mcu.externaltools.gnu-tools-for-stm32.10.3-2021.10.win32_1.0.0.202111181127/tools/bin/../lib/gcc/arm-none-eabi/10.3.1/../../../../arm-none-eabi/lib/thumb/v7-m/nofp/crt0.o
 .bss           0x0000000000000000        0x0 c:/program files/st/stm32cubeide_1.10.1/stm32cubeide/plugins/com.st.stm32cube.ide.mcu.externaltools.gnu-tools-for-stm32.10.3-2021.10.win32_1.0.0.202111181127/tools/bin/../lib/gcc/arm-none-eabi/10.3.1/../../../../arm-none-eabi/lib/thumb/v7-m/nofp/crt0.o
[...]
Memory Configuration

Name             Origin             Length             Attributes
RAM              0x0000000020000000 0x0000000000002800 xrw
FLASH            0x0000000008000000 0x0000000000008000 xr
*default*        0x0000000000000000 0xffffffffffffffff

Linker script and memory map

LOAD c:/program files/st/stm32cubeide_1.10.1/stm32cubeide/plugins/com.st.stm32cube.ide.mcu.externaltools.gnu-tools-for-stm32.10.3-2021.10.win32_1.0.0.202111181127/tools/bin/../lib/gcc/arm-none-eabi/10.3.1/thumb/v7-m/nofp/crti.o
LOAD c:/program files/st/stm32cubeide_1.10.1/stm32cubeide/plugins/com.st.stm32cube.ide.mcu.externaltools.gnu-tools-for-stm32.10.3-2021.10.win32_1.0.0.202111181127/tools/bin/../lib/gcc/arm-none-eabi/10.3.1/thumb/v7-m/nofp/crtbegin.o
LOAD c:/program files/st/stm32cubeide_1.10.1/stm32cubeide/plugins/com.st.stm32cube.ide.mcu.externaltools.gnu-tools-for-stm32.10.3-2021.10.win32_1.0.0.202111181127/tools/bin/../lib/gcc/arm-none-eabi/10.3.1/../../../../arm-none-eabi/lib/thumb/v7-m/nofp/crt0.o
LOAD ./Core/Src/button.o
LOAD ./Core/Src/display.o
LOAD ./Core/Src/fsm_automatic.o
LOAD ./Core/Src/fsm_button.o
LOAD ./Core/Src/global.o
LOAD ./Core/Src/main.o
LOAD ./Core/Src/software_timer.o
LOAD ./Core/Src/stm32f1xx_hal_msp.o
LOAD ./Core/Src/stm32f1xx_it.o
LOAD ./Core/Src/suffix_with_unit.o
LOAD ./Core/Src/syscalls.o
LOAD ./Core/Src/sysmem.o
LOAD ./Core/Src/system_stm32f1xx.o
LOAD ./Core/Startup/startup_stm32f103c6ux.o
LOAD ./Drivers/STM32F1xx_HAL_Driver/Src/stm32f1xx_hal.o
LOAD ./Drivers/STM32F1xx_HAL_Driver/Src/stm32f1xx_hal_cortex.o
LOAD ./Drivers/STM32F1xx_HAL_Driver/Src/stm32f1xx_hal_dma.o
LOAD ./Drivers/STM32F1xx_HAL_Driver/Src/stm32f1xx_hal_exti.o
LOAD ./Drivers/STM32F1xx_HAL_Driver/Src/stm32f1xx_hal_flash.o
LOAD ./Drivers/STM32F1xx_HAL_Driver/Src/stm32f1xx_hal_flash_ex.o
LOAD ./Drivers/STM32F1xx_HAL_Driver/Src/stm32f1xx_hal_gpio.o
LOAD ./Drivers/STM32F1xx_HAL_Driver/Src/stm32f1xx_hal_gpio_ex.o
LOAD ./Drivers/STM32F1xx_HAL_Driver/Src/stm32f1xx_hal_pwr.o
LOAD ./Drivers/STM32F1xx_HAL_Driver/Src/stm32f1xx_hal_rcc.o
LOAD ./Drivers/STM32F1xx_HAL_Driver/Src/stm32f1xx_hal_rcc_ex.o
LOAD ./Drivers/STM32F1xx_HAL_Driver/Src/stm32f1xx_hal_tim.o
LOAD ./Drivers/STM32F1xx_HAL_Driver/Src/stm32f1xx_hal_tim_ex.o
START GROUP
LOAD c:/program files/st/stm32cubeide_1.10.1/stm32cubeide/plugins/com.st.stm32cube.ide.mcu.externaltools.gnu-tools-for-stm32.10.3-2021.10.win32_1.0.0.202111181127/tools/bin/../lib/gcc/arm-none-eabi/10.3.1/../../../../arm-none-eabi/lib/thumb/v7-m/nofp\libc_nano.a
LOAD c:/program files/st/stm32cubeide_1.10.1/stm32cubeide/plugins/com.st.stm32cube.ide.mcu.externaltools.gnu-tools-for-stm32.10.3-2021.10.win32_1.0.0.202111181127/tools/bin/../lib/gcc/arm-none-eabi/10.3.1/../../../../arm-none-eabi/lib/thumb/v7-m/nofp\libm.a
END GROUP
START GROUP
LOAD c:/program files/st/stm32cubeide_1.10.1/stm32cubeide/plugins/com.st.stm32cube.ide.mcu.externaltools.gnu-tools-for-stm32.10.3-2021.10.win32_1.0.0.202111181127/tools/bin/../lib/gcc/arm-none-eabi/10.3.1/thumb/v7-m/nofp\libgcc.a
LOAD c:/program files/st/stm32cubeide_1.10.1/stm32cubeide/plugins/com.st.stm32cube.ide.mcu.externaltools.gnu-tools-for-stm32.10.3-2021.10.win32_1.0.0.202111181127/tools/bin/../lib/gcc/arm-none-eabi/10.3.1/../../../../arm-none-eabi/lib/thumb/v7-m/nofp\libc_nano.a
END GROUP
START GROUP
LOAD c:/program files/st/stm32cubeide_1.10.1/stm32cubeide/plugins/com.st.stm32cube.ide.mcu.externaltools.gnu-tools-for-stm32.10.3-2021.10.win32_1.0.0.202111181127/tools/bin/../lib/gcc/arm-none-eabi/10.3.1/thumb/v7-m/nofp\libgcc.a
LOAD c:/program files/st/stm32cubeide_1.10.1/stm32cubeide/plugins/com.st.stm32cube.ide.mcu.externaltools.gnu-tools-for-stm32.10.3-2021.10.win32_1.0.0.202111181127/tools/bin/../lib/gcc/arm-none-eabi/10.3.1/../../../../arm-none-eabi/lib/thumb/v7-m/nofp\libc_nano.a
LOAD c:/program files/st/stm32cubeide_1.10.1/stm32cubeide/plugins/com.st.stm32cube.ide.mcu.externaltools.gnu-tools-for-stm32.10.3-2021.10.win32_1.0.0.202111181127/tools/bin/../lib/gcc/arm-none-eabi/10.3.1/../../../../arm-none-eabi/lib/thumb/v7-m/nofp\libnosys.a
END GROUP
START GROUP
LOAD c:/program files/st/stm32cubeide_1.10.1/stm32cubeide/plugins/com.st.stm32cube.ide.mcu.externaltools.gnu-tools-for-stm32.10.3-2021.10.win32_1.0.0.202111181127/tools/bin/../lib/gcc/arm-none-eabi/10.3.1/thumb/v7-m/nofp\libgcc.a
LOAD c:/program files/st/stm32cubeide_1.10.1/stm32cubeide/plugins/com.st.stm32cube.ide.mcu.externaltools.gnu-tools-for-stm32.10.3-2021.10.win32_1.0.0.202111181127/tools/bin/../lib/gcc/arm-none-eabi/10.3.1/../../../../arm-none-eabi/lib/thumb/v7-m/nofp\libc_nano.a
LOAD c:/program files/st/stm32cubeide_1.10.1/stm32cubeide/plugins/com.st.stm32cube.ide.mcu.externaltools.gnu-tools-for-stm32.10.3-2021.10.win32_1.0.0.202111181127/tools/bin/../lib/gcc/arm-none-eabi/10.3.1/../../../../arm-none-eabi/lib/thumb/v7-m/nofp\libnosys.a
END GROUP
LOAD c:/program files/st/stm32cubeide_1.10.1/stm32cubeide/plugins/com.st.stm32cube.ide.mcu.externaltools.gnu-tools-for-stm32.10.3-2021.10.win32_1.0.0.202111181127/tools/bin/../lib/gcc/arm-none-eabi/10.3.1/thumb/v7-m/nofp/crtend.o
LOAD c:/program files/st/stm32cubeide_1.10.1/stm32cubeide/plugins/com.st.stm32cube.ide.mcu.externaltools.gnu-tools-for-stm32.10.3-2021.10.win32_1.0.0.202111181127/tools/bin/../lib/gcc/arm-none-eabi/10.3.1/thumb/v7-m/nofp/crtn.o
                0x0000000020002800                _estack = (ORIGIN (RAM) + LENGTH (RAM))
                0x0000000000000200                _Min_Heap_Size = 0x200
                0x0000000000000400                _Min_Stack_Size = 0x400

.isr_vector     0x0000000008000000      0x10c
                0x0000000008000000                . = ALIGN (0x4)
 *(.isr_vector)
 .isr_vector    0x0000000008000000      0x10c ./Core/Startup/startup_stm32f103c6ux.o
                0x0000000008000000                g_pfnVectors
                0x000000000800010c                . = ALIGN (0x4)

.text           0x000000000800010c     0x220c
                0x000000000800010c                . = ALIGN (0x4)
 *(.text)
 .text          0x000000000800010c       0x40 c:/program files/st/stm32cubeide_1.10.1/stm32cubeide/plugins/com.st.stm32cube.ide.mcu.externaltools.gnu-tools-for-stm32.10.3-2021.10.win32_1.0.0.202111181127/tools/bin/../lib/gcc/arm-none-eabi/10.3.1/thumb/v7-m/nofp/crtbegin.o
 *(.text*)
 .text.get_key_input
                0x000000000800014c      0x14c ./Core/Src/button.o
                0x000000000800014c                get_key_input
 .text.display7SEG
                0x0000000008000298      0x290 ./Core/Src/display.o
                0x0000000008000298                display7SEG
 .text.fsm_automatic_run
                0x0000000008000528       0x70 ./Core/Src/fsm_automatic.o
                0x0000000008000528                fsm_automatic_run
 .text.counter_up
                0x0000000008000598       0x28 ./Core/Src/fsm_button.o
                0x0000000008000598                counter_up
 .text.counter_down
                0x00000000080005c0       0x28 ./Core/Src/fsm_button.o
                0x00000000080005c0                counter_down
 .text.check_button_released
                0x00000000080005e8       0x34 ./Core/Src/fsm_button.o
                0x00000000080005e8                check_button_released
 .text.fsm_simple_buttons_run
                0x000000000800061c      0x1e8 ./Core/Src/fsm_button.o
                0x000000000800061c                fsm_simple_buttons_run
 .text.main     0x0000000008000804       0x3c ./Core/Src/main.o
                0x0000000008000804                main
 .text.SystemClock_Config
                0x0000000008000840       0x76 ./Core/Src/main.o
                0x0000000008000840                SystemClock_Config
 *fill*         0x00000000080008b6        0x2 
 .text.MX_TIM2_Init
                0x00000000080008b8       0x98 ./Core/Src/main.o
 .text.MX_GPIO_Init
                0x0000000008000950       0xc0 ./Core/Src/main.o
 .text.HAL_TIM_PeriodElapsedCallback
                0x0000000008000a10       0x18 ./Core/Src/main.o
                0x0000000008000a10                HAL_TIM_PeriodElapsedCallback
 .text.Error_Handler
                0x0000000008000a28        0xa ./Core/Src/main.o
                0x0000000008000a28                Error_Handler
 *fill*         0x0000000008000a32        0x2 
 .text.set_timer_display
                0x0000000008000a34       0x38 ./Core/Src/software_timer.o
                0x0000000008000a34                set_timer_display
 .text.set_timer_button
                0x0000000008000a6c       0x38 ./Core/Src/software_timer.o
                0x0000000008000a6c                set_timer_button
 .text.set_timer_led
                0x0000000008000aa4       0x38 ./Core/Src/software_timer.o
                0x0000000008000aa4                set_timer_led
 .text.timer_run
                0x0000000008000adc       0x84 ./Core/Src/software_timer.o
                0x0000000008000adc                timer_run
 .text.HAL_MspInit
                0x0000000008000b60       0x44 ./Core/Src/stm32f1xx_hal_msp.o
                0x0000000008000b60                HAL_MspInit
 .text.HAL_TIM_Base_MspInit
                0x0000000008000ba4       0x48 ./Core/Src/stm32f1xx_hal_msp.o
                0x0000000008000ba4                HAL_TIM_Base_MspInit
 .text.NMI_Handler
                0x0000000008000bec        0x6 ./Core/Src/stm32f1xx_it.o
                0x0000000008000bec                NMI_Handler
 .text.HardFault_Handler
                0x0000000008000bf2        0x6 ./Core/Src/stm32f1xx_it.o
                0x0000000008000bf2                HardFault_Handler
 .text.MemManage_Handler
                0x0000000008000bf8        0x6 ./Core/Src/stm32f1xx_it.o
                0x0000000008000bf8                MemManage_Handler
 .text.BusFault_Handler
                0x0000000008000bfe        0x6 ./Core/Src/stm32f1xx_it.o
                0x0000000008000bfe                BusFault_Handler
 .text.UsageFault_Handler
                0x0000000008000c04        0x6 ./Core/Src/stm32f1xx_it.o
                0x0000000008000c04                UsageFault_Handler
 .text.SVC_Handler
                0x0000000008000c0a        0xc ./Core/Src/stm32f1xx_it.o
                0x0000000008000c0a                SVC_Handler
 .text.DebugMon_Handler
                0x0000000008000c16        0xc ./Core/Src/stm32f1xx_it.o
                0x0000000008000c16                DebugMon_Handler
 .text.PendSV_Handler
                0x0000000008000c22        0xc ./Core/Src/stm32f1xx_it.o
                0x0000000008000c22                PendSV_Handler
 .text.SysTick_Handler
                0x0000000008000c2e        0xc ./Core/Src/stm32f1xx_it.o
                0x0000000008000c2e                SysTick_Handler
 *fill*         0x0000000008000c3a        0x2 
 .text.TIM2_IRQHandler
                0x0000000008000c3c       0x14 ./Core/Src/stm32f1xx_it.o
                0x0000000008000c3c                TIM2_IRQHandler
 .text.SystemInit
                0x0000000008000c50        0xc ./Core/Src/system_stm32f1xx.o
                0x0000000008000c50                SystemInit
 .text.Reset_Handler
                0x0000000008000c5c       0x48 ./Core/Startup/startup_stm32f103c6ux.o
                0x0000000008000c5c                Reset_Handler
 .text.Default_Handler
                0x0000000008000ca4        0x2 ./Core/Startup/startup_stm32f103c6ux.o
                0x0000000008000ca4                RTC_Alarm_IRQHandler
                0x0000000008000ca4                EXTI2_IRQHandler
                0x0000000008000ca4                TIM1_CC_IRQHandler
                0x0000000008000ca4                PVD_IRQHandler
                0x0000000008000ca4                EXTI3_IRQHandler
                0x0000000008000ca4                EXTI0_IRQHandler
                0x0000000008000ca4                ADC1_2_IRQHandler
                0x0000000008000ca4                SPI1_IRQHandler
                0x0000000008000ca4                TAMPER_IRQHandler
                0x0000000008000ca4                DMA1_Channel4_IRQHandler
                0x0000000008000ca4                RTC_IRQHandler
                0x0000000008000ca4                DMA1_Channel7_IRQHandler
                0x0000000008000ca4                CAN1_RX1_IRQHandler
                0x0000000008000ca4                I2C1_EV_IRQHandler
                0x0000000008000ca4                DMA1_Channel6_IRQHandler
                0x0000000008000ca4                TIM3_IRQHandler
                0x0000000008000ca4                RCC_IRQHandler
                0x0000000008000ca4                TIM1_TRG_COM_IRQHandler
                0x0000000008000ca4                DMA1_Channel1_IRQHandler
                0x0000000008000ca4                Default_Handler
                0x0000000008000ca4                EXTI15_10_IRQHandler
                0x0000000008000ca4                EXTI9_5_IRQHandler
                0x0000000008000ca4                DMA1_Channel5_IRQHandler
                0x0000000008000ca4                EXTI4_IRQHandler
                0x0000000008000ca4                USB_LP_CAN1_RX0_IRQHandler
                0x0000000008000ca4                USB_HP_CAN1_TX_IRQHandler
                0x0000000008000ca4                DMA1_Channel3_IRQHandler
                0x0000000008000ca4                TIM1_UP_IRQHandler
                0x0000000008000ca4                WWDG_IRQHandler
                0x0000000008000ca4                TIM1_BRK_IRQHandler
                0x0000000008000ca4                EXTI1_IRQHandler
                0x0000000008000ca4                USART2_IRQHandler
                0x0000000008000ca4                DMA1_Channel2_IRQHandler
                0x0000000008000ca4                CAN1_SCE_IRQHandler
                0x0000000008000ca4                FLASH_IRQHandler
                0x0000000008000ca4                USART1_IRQHandler
                0x0000000008000ca4                I2C1_ER_IRQHandler
                0x0000000008000ca4                USBWakeUp_IRQHandler
 *fill*         0x0000000008000ca6        0x2 
 .text.HAL_Init
                0x0000000008000ca8       0x2c ./Drivers/STM32F1xx_HAL_Driver/Src/stm32f1xx_hal.o
                0x0000000008000ca8                HAL_Init
 .text.HAL_InitTick
                0x0000000008000cd4       0x60 ./Drivers/STM32F1xx_HAL_Driver/Src/stm32f1xx_hal.o
                0x0000000008000cd4                HAL_InitTick
 .text.HAL_IncTick
                0x0000000008000d34       0x24 ./Drivers/STM32F1xx_HAL_Driver/Src/stm32f1xx_hal.o
                0x0000000008000d34                HAL_IncTick
 .text.HAL_GetTick
                0x0000000008000d58       0x14 ./Drivers/STM32F1xx_HAL_Driver/Src/stm32f1xx_hal.o
                0x0000000008000d58                HAL_GetTick
 .text.__NVIC_SetPriorityGrouping
                0x0000000008000d6c       0x48 ./Drivers/STM32F1xx_HAL_Driver/Src/stm32f1xx_hal_cortex.o
 .text.__NVIC_GetPriorityGrouping
                0x0000000008000db4       0x1c ./Drivers/STM32F1xx_HAL_Driver/Src/stm32f1xx_hal_cortex.o
 .text.__NVIC_EnableIRQ
                0x0000000008000dd0       0x38 ./Drivers/STM32F1xx_HAL_Driver/Src/stm32f1xx_hal_cortex.o
 .text.__NVIC_SetPriority
                0x0000000008000e08       0x54 ./Drivers/STM32F1xx_HAL_Driver/Src/stm32f1xx_hal_cortex.o
 .text.NVIC_EncodePriority
                0x0000000008000e5c       0x64 ./Drivers/STM32F1xx_HAL_Driver/Src/stm32f1xx_hal_cortex.o
 .text.SysTick_Config
                0x0000000008000ec0       0x44 ./Drivers/STM32F1xx_HAL_Driver/Src/stm32f1xx_hal_cortex.o
 .text.HAL_NVIC_SetPriorityGrouping
                0x0000000008000f04       0x16 ./Drivers/STM32F1xx_HAL_Driver/Src/stm32f1xx_hal_cortex.o
                0x0000000008000f04                HAL_NVIC_SetPriorityGrouping
 .text.HAL_NVIC_SetPriority
                0x0000000008000f1a       0x38 ./Drivers/STM32F1xx_HAL_Driver/Src/stm32f1xx_hal_cortex.o
                0x0000000008000f1a                HAL_NVIC_SetPriority
 .text.HAL_NVIC_EnableIRQ
                0x0000000008000f52       0x1c ./Drivers/STM32F1xx_HAL_Driver/Src/stm32f1xx_hal_cortex.o
                0x0000000008000f52                HAL_NVIC_EnableIRQ
 .text.HAL_SYSTICK_Config
                0x0000000008000f6e       0x18 ./Drivers/STM32F1xx_HAL_Driver/Src/stm32f1xx_hal_cortex.o
                0x0000000008000f6e                HAL_SYSTICK_Config
 *fill*         0x0000000008000f86        0x2 
 .text.HAL_GPIO_Init
                0x0000000008000f88      0x2f8 ./Drivers/STM32F1xx_HAL_Driver/Src/stm32f1xx_hal_gpio.o
                0x0000000008000f88                HAL_GPIO_Init
 .text.HAL_GPIO_ReadPin
                0x0000000008001280       0x2e ./Drivers/STM32F1xx_HAL_Driver/Src/stm32f1xx_hal_gpio.o
                0x0000000008001280                HAL_GPIO_ReadPin
 .text.HAL_GPIO_WritePin
                0x00000000080012ae       0x30 ./Drivers/STM32F1xx_HAL_Driver/Src/stm32f1xx_hal_gpio.o
                0x00000000080012ae                HAL_GPIO_WritePin
 .text.HAL_GPIO_TogglePin
                0x00000000080012de       0x32 ./Drivers/STM32F1xx_HAL_Driver/Src/stm32f1xx_hal_gpio.o
                0x00000000080012de                HAL_GPIO_TogglePin
 .text.HAL_RCC_OscConfig
                0x0000000008001310      0x504 ./Drivers/STM32F1xx_HAL_Driver/Src/stm32f1xx_hal_rcc.o
                0x0000000008001310                HAL_RCC_OscConfig
 .text.HAL_RCC_ClockConfig
                0x0000000008001814      0x1d4 ./Drivers/STM32F1xx_HAL_Driver/Src/stm32f1xx_hal_rcc.o
                0x0000000008001814                HAL_RCC_ClockConfig
 .text.HAL_RCC_GetSysClockFreq
                0x00000000080019e8       0xbc ./Drivers/STM32F1xx_HAL_Driver/Src/stm32f1xx_hal_rcc.o
                0x00000000080019e8                HAL_RCC_GetSysClockFreq
 .text.RCC_Delay
                0x0000000008001aa4       0x3c ./Drivers/STM32F1xx_HAL_Driver/Src/stm32f1xx_hal_rcc.o
 .text.HAL_TIM_Base_Init
                0x0000000008001ae0       0x9e ./Drivers/STM32F1xx_HAL_Driver/Src/stm32f1xx_hal_tim.o
                0x0000000008001ae0                HAL_TIM_Base_Init
 *fill*         0x0000000008001b7e        0x2 
 .text.HAL_TIM_Base_Start_IT
                0x0000000008001b80       0x98 ./Drivers/STM32F1xx_HAL_Driver/Src/stm32f1xx_hal_tim.o
                0x0000000008001b80                HAL_TIM_Base_Start_IT
 .text.HAL_TIM_IRQHandler
                0x0000000008001c18      0x210 ./Drivers/STM32F1xx_HAL_Driver/Src/stm32f1xx_hal_tim.o
                0x0000000008001c18                HAL_TIM_IRQHandler
 .text.HAL_TIM_ConfigClockSource
                0x0000000008001e28      0x188 ./Drivers/STM32F1xx_HAL_Driver/Src/stm32f1xx_hal_tim.o
                0x0000000008001e28                HAL_TIM_ConfigClockSource
 .text.HAL_TIM_OC_DelayElapsedCallback
                0x0000000008001fb0       0x12 ./Drivers/STM32F1xx_HAL_Driver/Src/stm32f1xx_hal_tim.o
                0x0000000008001fb0                HAL_TIM_OC_DelayElapsedCallback
 .text.HAL_TIM_IC_CaptureCallback
                0x0000000008001fc2       0x12 ./Drivers/STM32F1xx_HAL_Driver/Src/stm32f1xx_hal_tim.o
                0x0000000008001fc2                HAL_TIM_IC_CaptureCallback
 .text.HAL_TIM_PWM_PulseFinishedCallback
                0x0000000008001fd4       0x12 ./Drivers/STM32F1xx_HAL_Driver/Src/stm32f1xx_hal_tim.o
                0x0000000008001fd4                HAL_TIM_PWM_PulseFinishedCallback
 .text.HAL_TIM_TriggerCallback
                0x0000000008001fe6       0x12 ./Drivers/STM32F1xx_HAL_Driver/Src/stm32f1xx_hal_tim.o
                0x0000000008001fe6                HAL_TIM_TriggerCallback
 .text.TIM_Base_SetConfig
                0x0000000008001ff8       0xb0 ./Drivers/STM32F1xx_HAL_Driver/Src/stm32f1xx_hal_tim.o
                0x0000000008001ff8                TIM_Base_SetConfig
 .text.TIM_TI1_ConfigInputStage
                0x00000000080020a8       0x5c ./Drivers/STM32F1xx_HAL_Driver/Src/stm32f1xx_hal_tim.o
 .text.TIM_TI2_ConfigInputStage
                0x0000000008002104       0x5e ./Drivers/STM32F1xx_HAL_Driver/Src/stm32f1xx_hal_tim.o
 .text.TIM_ITRx_SetConfig
                0x0000000008002162       0x34 ./Drivers/STM32F1xx_HAL_Driver/Src/stm32f1xx_hal_tim.o
 .text.TIM_ETR_SetConfig
                0x0000000008002196       0x3e ./Drivers/STM32F1xx_HAL_Driver/Src/stm32f1xx_hal_tim.o
                0x0000000008002196                TIM_ETR_SetConfig
 .text.HAL_TIMEx_MasterConfigSynchronization
                0x00000000080021d4       0xb0 ./Drivers/STM32F1xx_HAL_Driver/Src/stm32f1xx_hal_tim_ex.o
                0x00000000080021d4                HAL_TIMEx_MasterConfigSynchronization
 .text.HAL_TIMEx_CommutCallback
                0x0000000008002284       0x12 ./Drivers/STM32F1xx_HAL_Driver/Src/stm32f1xx_hal_tim_ex.o
                0x0000000008002284                HAL_TIMEx_CommutCallback
 .text.HAL_TIMEx_BreakCallback
                0x0000000008002296       0x12 ./Drivers/STM32F1xx_HAL_Driver/Src/stm32f1xx_hal_tim_ex.o
                0x0000000008002296                HAL_TIMEx_BreakCallback
 .text.__libc_init_array
                0x00000000080022a8       0x48 c:/program files/st/stm32cubeide_1.10.1/stm32cubeide/plugins/com.st.stm32cube.ide.mcu.externaltools.gnu-tools-for-stm32.10.3-2021.10.win32_1.0.0.202111181127/tools/bin/../lib/gcc/arm-none-eabi/10.3.1/../../../../arm-none-eabi/lib/thumb/v7-m/nofp\libc_nano.a(lib_a-init.o)
                0x00000000080022a8                __libc_init_array
 .text.memset   0x00000000080022f0       0x10 c:/program files/st/stm32cubeide_1.10.1/stm32cubeide/plugins/com.st.stm32cube.ide.mcu.externaltools.gnu-tools-for-stm32.10.3-2021.10.win32_1.0.0.202111181127/tools/bin/../lib/gcc/arm-none-eabi/10.3.1/../../../../arm-none-eabi/lib/thumb/v7-m/nofp\libc_nano.a(lib_a-memset.o)
                0x00000000080022f0                memset
 *(.glue_7)
 .glue_7        0x0000000008002300        0x0 linker stubs
 *(.glue_7t)
 .glue_7t       0x0000000008002300        0x0 linker stubs
 *(.eh_frame)
 .eh_frame      0x0000000008002300        0x0 c:/program files/st/stm32cubeide_1.10.1/stm32cubeide/plugins/com.st.stm32cube.ide.mcu.externaltools.gnu-tools-for-stm32.10.3-2021.10.win32_1.0.0.202111181127/tools/bin/../lib/gcc/arm-none-eabi/10.3.1/thumb/v7-m/nofp/crtbegin.o
 *(.init)
 .init          0x0000000008002300        0x4 c:/program files/st/stm32cubeide_1.10.1/stm32cubeide/plugins/com.st.stm32cube.ide.mcu.externaltools.gnu-tools-for-stm32.10.3-2021.10.win32_1.0.0.202111181127/tools/bin/../lib/gcc/arm-none-eabi/10.3.1/thumb/v7-m/nofp/crti.o
                0x0000000008002300                _init
 .init          0x0000000008002304        0x8 c:/program files/st/stm32cubeide_1.10.1/stm32cubeide/plugins/com.st.stm32cube.ide.mcu.externaltools.gnu-tools-for-stm32.10.3-2021.10.win32_1.0.0.202111181127/tools/bin/../lib/gcc/arm-none-eabi/10.3.1/thumb/v7-m/nofp/crtn.o
 *(.fini)
 .fini          0x000000000800230c        0x4 c:/program files/st/stm32cubeide_1.10.1/stm32cubeide/plugins/com.st.stm32cube.ide.mcu.externaltools.gnu-tools-for-stm32.10.3-2021.10.win32_1.0.0.202111181127/tools/bin/../lib/gcc/arm-none-eabi/10.3.1/thumb/v7-m/nofp/crti.o
                0x000000000800230c                _fini
 .fini          0x0000000008002310        0x8 c:/program files/st/stm32cubeide_1.10.1/stm32cubeide/plugins/com.st.stm32cube.ide.mcu.externaltools.gnu-tools-for-stm32.10.3-2021.10.win32_1.0.0.202111181127/tools/bin/../lib/gcc/arm-none-eabi/10.3.1/thumb/v7-m/nofp/crtn.o
                0x0000000008002318                . = ALIGN (0x4)
                0x0000000008002318                _etext = .

.vfp11_veneer   0x0000000008002318        0x0
 .vfp11_veneer  0x0000000008002318        0x0 linker stubs

.v4_bx          0x0000000008002318        0x0
 .v4_bx         0x0000000008002318        0x0 linker stubs

.iplt           0x0000000008002318        0x0
 .iplt          0x0000000008002318        0x0 c:/program files/st/stm32cubeide_1.10.1/stm32cubeide/plugins/com.st.stm32cube.ide.mcu.externaltools.gnu-tools-for-stm32.10.3-2021.10.win32_1.0.0.202111181127/tools/bin/../lib/gcc/arm-none-eabi/10.3.1/thumb/v7-m/nofp/crtbegin.o

.rodata         0x0000000008002318       0x20
                0x0000000008002318                . = ALIGN (0x4)
 *(.rodata)
 .rodata        0x0000000008002318       0x10 ./Drivers/STM32F1xx_HAL_Driver/Src/stm32f1xx_hal_rcc.o
 *(.rodata*)
 .rodata.AHBPrescTable
                0x0000000008002328       0x10 ./Core/Src/system_stm32f1xx.o
                0x0000000008002328                AHBPrescTable
                0x0000000008002338                . = ALIGN (0x4)

.rel.dyn        0x0000000008002338        0x0
 .rel.iplt      0x0000000008002338        0x0 c:/program files/st/stm32cubeide_1.10.1/stm32cubeide/plugins/com.st.stm32cube.ide.mcu.externaltools.gnu-tools-for-stm32.10.3-2021.10.win32_1.0.0.202111181127/tools/bin/../lib/gcc/arm-none-eabi/10.3.1/thumb/v7-m/nofp/crtbegin.o

.ARM.extab      0x0000000008002338        0x0
                0x0000000008002338                . = ALIGN (0x4)
 *(.ARM.extab* .gnu.linkonce.armextab.*)
                0x0000000008002338                . = ALIGN (0x4)

.ARM            0x0000000008002338        0x0
                0x0000000008002338                . = ALIGN (0x4)
                0x0000000008002338                __exidx_start = .
 *(.ARM.exidx*)
                0x0000000008002338                __exidx_end = .
                0x0000000008002338                . = ALIGN (0x4)

.preinit_array  0x0000000008002338        0x0
                0x0000000008002338                . = ALIGN (0x4)
                0x0000000008002338                PROVIDE (__preinit_array_start = .)
 *(.preinit_array*)
                0x0000000008002338                PROVIDE (__preinit_array_end = .)
                0x0000000008002338                . = ALIGN (0x4)

.init_array     0x0000000008002338        0x4
                0x0000000008002338                . = ALIGN (0x4)
                0x0000000008002338                PROVIDE (__init_array_start = .)
 *(SORT_BY_NAME(.init_array.*))
 *(.init_array*)
 .init_array    0x0000000008002338        0x4 c:/program files/st/stm32cubeide_1.10.1/stm32cubeide/plugins/com.st.stm32cube.ide.mcu.externaltools.gnu-tools-for-stm32.10.3-2021.10.win32_1.0.0.202111181127/tools/bin/../lib/gcc/arm-none-eabi/10.3.1/thumb/v7-m/nofp/crtbegin.o
                0x000000000800233c                PROVIDE (__init_array_end = .)
                0x000000000800233c                . = ALIGN (0x4)

.fini_array     0x000000000800233c        0x4
                0x000000000800233c                . = ALIGN (0x4)
                [!provide]                        PROVIDE (__fini_array_start = .)
 *(SORT_BY_NAME(.fini_array.*))
 *(.fini_array*)
 .fini_array    0x000000000800233c        0x4 c:/program files/st/stm32cubeide_1.10.1/stm32cubeide/plugins/com.st.stm32cube.ide.mcu.externaltools.gnu-tools-for-stm32.10.3-2021.10.win32_1.0.0.202111181127/tools/bin/../lib/gcc/arm-none-eabi/10.3.1/thumb/v7-m/nofp/crtbegin.o
                [!provide]                        PROVIDE (__fini_array_end = .)
                0x0000000008002340                . = ALIGN (0x4)
                0x0000000008002340                _sidata = LOADADDR (.data)

.data           0x0000000020000000       0x2c load address 0x0000000008002340
                0x0000000020000000                . = ALIGN (0x4)
                0x0000000020000000                _sdata = .
 *(.data)
 *(.data*)
 .data.buttons_port
                0x0000000020000000        0xc ./Core/Src/button.o
                0x0000000020000000                buttons_port
 .data.buttons  0x000000002000000c        0x6 ./Core/Src/button.o
                0x000000002000000c                buttons
 *fill*         0x0000000020000012        0x2 
 .data.timers_key_pressed
                0x0000000020000014        0xc ./Core/Src/button.o
                0x0000000020000014                timers_key_pressed
 .data.SystemCoreClock
                0x0000000020000020        0x4 ./Core/Src/system_stm32f1xx.o
                0x0000000020000020                SystemCoreClock
 .data.uwTickPrio
                0x0000000020000024        0x4 ./Drivers/STM32F1xx_HAL_Driver/Src/stm32f1xx_hal.o
                0x0000000020000024                uwTickPrio
 .data.uwTickFreq
                0x0000000020000028        0x1 ./Drivers/STM32F1xx_HAL_Driver/Src/stm32f1xx_hal.o
                0x0000000020000028                uwTickFreq
 *(.RamFunc)
 *(.RamFunc*)
                0x000000002000002c                . = ALIGN (0x4)
 *fill*         0x0000000020000029        0x3 
                0x000000002000002c                _edata = .

.igot.plt       0x000000002000002c        0x0 load address 0x000000000800236c
 .igot.plt      0x000000002000002c        0x0 c:/program files/st/stm32cubeide_1.10.1/stm32cubeide/plugins/com.st.stm32cube.ide.mcu.externaltools.gnu-tools-for-stm32.10.3-2021.10.win32_1.0.0.202111181127/tools/bin/../lib/gcc/arm-none-eabi/10.3.1/thumb/v7-m/nofp/crtbegin.o
                0x000000002000002c                . = ALIGN (0x4)

.bss            0x000000002000002c       0xc8 load address 0x000000000800236c
                0x000000002000002c                _sbss = .
                0x000000002000002c                __bss_start__ = _sbss
 *(.bss)
 .bss           0x000000002000002c       0x1c c:/program files/st/stm32cubeide_1.10.1/stm32cubeide/plugins/com.st.stm32cube.ide.mcu.externaltools.gnu-tools-for-stm32.10.3-2021.10.win32_1.0.0.202111181127/tools/bin/../lib/gcc/arm-none-eabi/10.3.1/thumb/v7-m/nofp/crtbegin.o
 *(.bss*)
 .bss.button_pressed_flags
                0x0000000020000048        0xc ./Core/Src/button.o
                0x0000000020000048                button_pressed_flags
 .bss.key_reg_0
                0x0000000020000054        0xc ./Core/Src/button.o
                0x0000000020000054                key_reg_0
 .bss.key_reg_1
                0x0000000020000060        0xc ./Core/Src/button.o
                0x0000000020000060                key_reg_1
 .bss.key_reg_2
                0x000000002000006c        0xc ./Core/Src/button.o
                0x000000002000006c                key_reg_2
 .bss.last_buttons
                0x0000000020000078        0xc ./Core/Src/button.o
                0x0000000020000078                last_buttons
 .bss.status    0x0000000020000084        0x4 ./Core/Src/global.o
                0x0000000020000084                status
 .bss.button_status
                0x0000000020000088        0x4 ./Core/Src/global.o
                0x0000000020000088                button_status
 .bss.counter   0x000000002000008c        0x4 ./Core/Src/global.o
                0x000000002000008c                counter
 .bss.htim2     0x0000000020000090       0x48 ./Core/Src/main.o
                0x0000000020000090                htim2
 .bss.timer_display_flag
                0x00000000200000d8        0x4 ./Core/Src/software_timer.o
                0x00000000200000d8                timer_display_flag
 .bss.timer_display_counter
                0x00000000200000dc        0x4 ./Core/Src/software_timer.o
                0x00000000200000dc                timer_display_counter
 .bss.timer_button_flag
                0x00000000200000e0        0x4 ./Core/Src/software_timer.o
                0x00000000200000e0                timer_button_flag
 .bss.timer_button_counter
                0x00000000200000e4        0x4 ./Core/Src/software_timer.o
                0x00000000200000e4                timer_button_counter
 .bss.timer_led_flag
                0x00000000200000e8        0x4 ./Core/Src/software_timer.o
                0x00000000200000e8                timer_led_flag
 .bss.timer_led_counter
                0x00000000200000ec        0x4 ./Core/Src/software_timer.o
                0x00000000200000ec                timer_led_counter
 .bss.uwTick    0x00000000200000f0        0x4 ./Drivers/STM32F1xx_HAL_Driver/Src/stm32f1xx_hal.o
                0x00000000200000f0                uwTick
 *(COMMON)
                0x00000000200000f4                . = ALIGN (0x4)
                0x00000000200000f4                _ebss = .
                0x00000000200000f4                __bss_end__ = _ebss

._user_heap_stack
                0x00000000200000f4      0x604 load address 0x000000000800236c
                0x00000000200000f8                . = ALIGN (0x8)
 *fill*         0x00000000200000f4        0x4 
                [!provide]                        PROVIDE (end = .)
                0x00000000200000f8                PROVIDE (_end = .)
                0x00000000200002f8                . = (. + _Min_Heap_Size)
 *fill*         0x00000000200000f8      0x200 
                0x00000000200006f8                . = (. + _Min_Stack_Size)
 *fill*         0x00000000200002f8      0x400 
                0x00000000200006f8                . = ALIGN (0x8)

/DISCARD/
 libc.a(*)
 libm.a(*)
 libgcc.a(*)

.ARM.attributes
                0x0000000000000000       0x29
 *(.ARM.attributes)
 .ARM.attributes
                0x0000000000000000       0x1d c:/program files/st/stm32cubeide_1.10.1/stm32cubeide/plugins/com.st.stm32cube.ide.mcu.externaltools.gnu-tools-for-stm32.10.3-2021.10.win32_1.0.0.202111181127/tools/bin/../lib/gcc/arm-none-eabi/10.3.1/thumb/v7-m/nofp/crti.o
 .ARM.attributes
                0x000000000000001d       0x2d c:/program files/st/stm32cubeide_1.10.1/stm32cubeide/plugins/com.st.stm32cube.ide.mcu.externaltools.gnu-tools-for-stm32.10.3-2021.10.win32_1.0.0.202111181127/tools/bin/../lib/gcc/arm-none-eabi/10.3.1/thumb/v7-m/nofp/crtbegin.o
 .ARM.attributes
                0x000000000000004a       0x2d ./Core/Src/button.o
 .ARM.attributes
                0x0000000000000077       0x2d ./Core/Src/display.o
 .ARM.attributes
                0x00000000000000a4       0x2d ./Core/Src/fsm_automatic.o
 .ARM.attributes
                0x00000000000000d1       0x2d ./Core/Src/fsm_button.o
 .ARM.attributes
                0x00000000000000fe       0x2d ./Core/Src/global.o
 .ARM.attributes
                0x000000000000012b       0x2d ./Core/Src/main.o
 .ARM.attributes
                0x0000000000000158       0x2d ./Core/Src/software_timer.o
 .ARM.attributes
                0x0000000000000185       0x2d ./Core/Src/stm32f1xx_hal_msp.o
 .ARM.attributes
                0x00000000000001b2       0x2d ./Core/Src/stm32f1xx_it.o
 .ARM.attributes
                0x00000000000001df       0x2d ./Core/Src/system_stm32f1xx.o
 .ARM.attributes
                0x000000000000020c       0x21 ./Core/Startup/startup_stm32f103c6ux.o
 .ARM.attributes
                0x000000000000022d       0x2d ./Drivers/STM32F1xx_HAL_Driver/Src/stm32f1xx_hal.o
 .ARM.attributes
                0x000000000000025a       0x2d ./Drivers/STM32F1xx_HAL_Driver/Src/stm32f1xx_hal_cortex.o
 .ARM.attributes
                0x0000000000000287       0x2d ./Drivers/STM32F1xx_HAL_Driver/Src/stm32f1xx_hal_gpio.o
 .ARM.attributes
                0x00000000000002b4       0x2d ./Drivers/STM32F1xx_HAL_Driver/Src/stm32f1xx_hal_rcc.o
 .ARM.attributes
                0x00000000000002e1       0x2d ./Drivers/STM32F1xx_HAL_Driver/Src/stm32f1xx_hal_tim.o
 .ARM.attributes
                0x000000000000030e       0x2d ./Drivers/STM32F1xx_HAL_Driver/Src/stm32f1xx_hal_tim_ex.o
 .ARM.attributes
                0x000000000000033b       0x2d c:/program files/st/stm32cubeide_1.10.1/stm32cubeide/plugins/com.st.stm32cube.ide.mcu.externaltools.gnu-tools-for-stm32.10.3-2021.10.win32_1.0.0.202111181127/tools/bin/../lib/gcc/arm-none-eabi/10.3.1/../../../../arm-none-eabi/lib/thumb/v7-m/nofp\libc_nano.a(lib_a-init.o)
 .ARM.attributes
                0x0000000000000368       0x2d c:/program files/st/stm32cubeide_1.10.1/stm32cubeide/plugins/com.st.stm32cube.ide.mcu.externaltools.gnu-tools-for-stm32.10.3-2021.10.win32_1.0.0.202111181127/tools/bin/../lib/gcc/arm-none-eabi/10.3.1/../../../../arm-none-eabi/lib/thumb/v7-m/nofp\libc_nano.a(lib_a-memset.o)
 .ARM.attributes
                0x0000000000000395       0x1d c:/program files/st/stm32cubeide_1.10.1/stm32cubeide/plugins/com.st.stm32cube.ide.mcu.externaltools.gnu-tools-for-stm32.10.3-2021.10.win32_1.0.0.202111181127/tools/bin/../lib/gcc/arm-none-eabi/10.3.1/thumb/v7-m/nofp/crtn.o
OUTPUT(mcu-midterm-1911019.elf elf32-littlearm)
LOAD linker stubs
LOAD c:/program files/st/stm32cubeide_1.10.1/stm32cubeide/plugins/com.st.stm32cube.ide.mcu.externaltools.gnu-tools-for-stm32.10.3-2021.10.win32_1.0.0.202111181127/tools/bin/../lib/gcc/arm-none-eabi/10.3.1/../../../../arm-none-eabi/lib/thumb/v7-m/nofp\libc.a
LOAD c:/program files/st/stm32cubeide_1.10.1/stm32cubeide/plugins/com.st.stm32cube.ide.mcu.externaltools.gnu-tools-for-stm32.10.3-2021.10.win32_1.0.0.202111181127/tools/bin/../lib/gcc/arm-none-eabi/10.3.1/../../../../arm-none-eabi/lib/thumb/v7-m/nofp\libm.a
LOAD c:/program files/st/stm32cubeide_1.10.1/stm32cubeide/plugins/com.st.stm32cube.ide.mcu.externaltools.gnu-tools-for-stm32.10.3-2021.10.win32_1.0.0.202111181127/tools/bin/../lib/gcc/arm-none-eabi/10.3.1/thumb/v7-m/nofp\libgcc.a

.debug_info     0x0000000000000000     0x86b7
 .debug_info    0x0000000000000000      0x25f ./Core/Src/button.o
 .debug_info    0x000000000000025f      0x1ac ./Core/Src/display.o
 .debug_info    0x000000000000040b      0x1bb ./Core/Src/fsm_automatic.o
 .debug_info    0x00000000000005c6      0x125 ./Core/Src/fsm_button.o
 .debug_info    0x00000000000006eb       0x77 ./Core/Src/global.o
 .debug_info    0x0000000000000762      0xc06 ./Core/Src/main.o
 .debug_info    0x0000000000001368      0x1b1 ./Core/Src/software_timer.o
 .debug_info    0x0000000000001519      0x8d7 ./Core/Src/stm32f1xx_hal_msp.o
 .debug_info    0x0000000000001df0      0x6ea ./Core/Src/stm32f1xx_it.o
 .debug_info    0x00000000000024da      0x23d ./Core/Src/system_stm32f1xx.o
 .debug_info    0x0000000000002717       0x22 ./Core/Startup/startup_stm32f103c6ux.o
 .debug_info    0x0000000000002739      0x716 ./Drivers/STM32F1xx_HAL_Driver/Src/stm32f1xx_hal.o
 .debug_info    0x0000000000002e4f      0xb02 ./Drivers/STM32F1xx_HAL_Driver/Src/stm32f1xx_hal_cortex.o
 .debug_info    0x0000000000003951      0x615 ./Drivers/STM32F1xx_HAL_Driver/Src/stm32f1xx_hal_gpio.o
 .debug_info    0x0000000000003f66      0x860 ./Drivers/STM32F1xx_HAL_Driver/Src/stm32f1xx_hal_rcc.o
 .debug_info    0x00000000000047c6     0x29de ./Drivers/STM32F1xx_HAL_Driver/Src/stm32f1xx_hal_tim.o
 .debug_info    0x00000000000071a4     0x1513 ./Drivers/STM32F1xx_HAL_Driver/Src/stm32f1xx_hal_tim_ex.o

.debug_abbrev   0x0000000000000000     0x19d3
 .debug_abbrev  0x0000000000000000      0x13d ./Core/Src/button.o
 .debug_abbrev  0x000000000000013d       0xf8 ./Core/Src/display.o
 .debug_abbrev  0x0000000000000235       0xd3 ./Core/Src/fsm_automatic.o
 .debug_abbrev  0x0000000000000308       0xcb ./Core/Src/fsm_button.o
 .debug_abbrev  0x00000000000003d3       0x40 ./Core/Src/global.o
 .debug_abbrev  0x0000000000000413      0x282 ./Core/Src/main.o
 .debug_abbrev  0x0000000000000695       0xc1 ./Core/Src/software_timer.o
 .debug_abbrev  0x0000000000000756      0x19f ./Core/Src/stm32f1xx_hal_msp.o
 .debug_abbrev  0x00000000000008f5      0x184 ./Core/Src/stm32f1xx_it.o
 .debug_abbrev  0x0000000000000a79      0x13b ./Core/Src/system_stm32f1xx.o
 .debug_abbrev  0x0000000000000bb4       0x12 ./Core/Startup/startup_stm32f103c6ux.o
 .debug_abbrev  0x0000000000000bc6      0x1fb ./Drivers/STM32F1xx_HAL_Driver/Src/stm32f1xx_hal.o
 .debug_abbrev  0x0000000000000dc1      0x2ed ./Drivers/STM32F1xx_HAL_Driver/Src/stm32f1xx_hal_cortex.o
 .debug_abbrev  0x00000000000010ae      0x1bb ./Drivers/STM32F1xx_HAL_Driver/Src/stm32f1xx_hal_gpio.o
 .debug_abbrev  0x0000000000001269      0x2a8 ./Drivers/STM32F1xx_HAL_Driver/Src/stm32f1xx_hal_rcc.o
 .debug_abbrev  0x0000000000001511      0x25d ./Drivers/STM32F1xx_HAL_Driver/Src/stm32f1xx_hal_tim.o
 .debug_abbrev  0x000000000000176e      0x265 ./Drivers/STM32F1xx_HAL_Driver/Src/stm32f1xx_hal_tim_ex.o

.debug_aranges  0x0000000000000000      0xa30
 .debug_aranges
                0x0000000000000000       0x20 ./Core/Src/button.o
 .debug_aranges
                0x0000000000000020       0x20 ./Core/Src/display.o
 .debug_aranges
                0x0000000000000040       0x20 ./Core/Src/fsm_automatic.o
 .debug_aranges
                0x0000000000000060       0x38 ./Core/Src/fsm_button.o
 .debug_aranges
                0x0000000000000098       0x18 ./Core/Src/global.o
 .debug_aranges
                0x00000000000000b0       0x48 ./Core/Src/main.o
 .debug_aranges
                0x00000000000000f8       0x50 ./Core/Src/software_timer.o
 .debug_aranges
                0x0000000000000148       0x30 ./Core/Src/stm32f1xx_hal_msp.o
 .debug_aranges
                0x0000000000000178       0x68 ./Core/Src/stm32f1xx_it.o
 .debug_aranges
                0x00000000000001e0       0x28 ./Core/Src/system_stm32f1xx.o
 .debug_aranges
                0x0000000000000208       0x28 ./Core/Startup/startup_stm32f103c6ux.o
 .debug_aranges
                0x0000000000000230       0xe0 ./Drivers/STM32F1xx_HAL_Driver/Src/stm32f1xx_hal.o
 .debug_aranges
                0x0000000000000310      0x100 ./Drivers/STM32F1xx_HAL_Driver/Src/stm32f1xx_hal_cortex.o
 .debug_aranges
                0x0000000000000410       0x58 ./Drivers/STM32F1xx_HAL_Driver/Src/stm32f1xx_hal_gpio.o
 .debug_aranges
                0x0000000000000468       0x90 ./Drivers/STM32F1xx_HAL_Driver/Src/stm32f1xx_hal_rcc.o
 .debug_aranges
                0x00000000000004f8      0x3d0 ./Drivers/STM32F1xx_HAL_Driver/Src/stm32f1xx_hal_tim.o
 .debug_aranges
                0x00000000000008c8      0x168 ./Drivers/STM32F1xx_HAL_Driver/Src/stm32f1xx_hal_tim_ex.o

.debug_ranges   0x0000000000000000      0x920
 .debug_ranges  0x0000000000000000       0x10 ./Core/Src/button.o
 .debug_ranges  0x0000000000000010       0x10 ./Core/Src/display.o
 .debug_ranges  0x0000000000000020       0x10 ./Core/Src/fsm_automatic.o
 .debug_ranges  0x0000000000000030       0x28 ./Core/Src/fsm_button.o
 .debug_ranges  0x0000000000000058       0x38 ./Core/Src/main.o
 .debug_ranges  0x0000000000000090       0x40 ./Core/Src/software_timer.o
 .debug_ranges  0x00000000000000d0       0x20 ./Core/Src/stm32f1xx_hal_msp.o
 .debug_ranges  0x00000000000000f0       0x58 ./Core/Src/stm32f1xx_it.o
 .debug_ranges  0x0000000000000148       0x18 ./Core/Src/system_stm32f1xx.o
 .debug_ranges  0x0000000000000160       0x20 ./Core/Startup/startup_stm32f103c6ux.o
 .debug_ranges  0x0000000000000180       0xd0 ./Drivers/STM32F1xx_HAL_Driver/Src/stm32f1xx_hal.o
 .debug_ranges  0x0000000000000250       0xf0 ./Drivers/STM32F1xx_HAL_Driver/Src/stm32f1xx_hal_cortex.o
 .debug_ranges  0x0000000000000340       0x48 ./Drivers/STM32F1xx_HAL_Driver/Src/stm32f1xx_hal_gpio.o
 .debug_ranges  0x0000000000000388       0x80 ./Drivers/STM32F1xx_HAL_Driver/Src/stm32f1xx_hal_rcc.o
 .debug_ranges  0x0000000000000408      0x3c0 ./Drivers/STM32F1xx_HAL_Driver/Src/stm32f1xx_hal_tim.o
 .debug_ranges  0x00000000000007c8      0x158 ./Drivers/STM32F1xx_HAL_Driver/Src/stm32f1xx_hal_tim_ex.o

.debug_macro    0x0000000000000000    0x16bc7
 .debug_macro   0x0000000000000000      0x1c3 ./Core/Src/button.o
 .debug_macro   0x00000000000001c3      0xa6c ./Core/Src/button.o
 .debug_macro   0x0000000000000c2f      0x215 ./Core/Src/button.o
 .debug_macro   0x0000000000000e44       0x2e ./Core/Src/button.o
 .debug_macro   0x0000000000000e72       0x22 ./Core/Src/button.o
 .debug_macro   0x0000000000000e94       0x22 ./Core/Src/button.o
 .debug_macro   0x0000000000000eb6       0x8e ./Core/Src/button.o
 .debug_macro   0x0000000000000f44       0x51 ./Core/Src/button.o
 .debug_macro   0x0000000000000f95      0x103 ./Core/Src/button.o
 .debug_macro   0x0000000000001098       0x6a ./Core/Src/button.o
 .debug_macro   0x0000000000001102      0x1df ./Core/Src/button.o
 .debug_macro   0x00000000000012e1       0x1c ./Core/Src/button.o
 .debug_macro   0x00000000000012fd       0x22 ./Core/Src/button.o
 .debug_macro   0x000000000000131f       0xbd ./Core/Src/button.o
 .debug_macro   0x00000000000013dc      0xd23 ./Core/Src/button.o
 .debug_macro   0x00000000000020ff     0xde75 ./Core/Src/button.o
 .debug_macro   0x000000000000ff74       0x6d ./Core/Src/button.o
 .debug_macro   0x000000000000ffe1     0x3468 ./Core/Src/button.o
 .debug_macro   0x0000000000013449      0x174 ./Core/Src/button.o
 .debug_macro   0x00000000000135bd       0x5c ./Core/Src/button.o
 .debug_macro   0x0000000000013619      0x5be ./Core/Src/button.o
 .debug_macro   0x0000000000013bd7      0x1b7 ./Core/Src/button.o
 .debug_macro   0x0000000000013d8e      0x1cb ./Core/Src/button.o
 .debug_macro   0x0000000000013f59      0x114 ./Core/Src/button.o
 .debug_macro   0x000000000001406d      0x1b2 ./Core/Src/button.o
 .debug_macro   0x000000000001421f       0x27 ./Core/Src/button.o
 .debug_macro   0x0000000000014246      0x12f ./Core/Src/button.o
 .debug_macro   0x0000000000014375      0x1bc ./Core/Src/button.o
 .debug_macro   0x0000000000014531       0x34 ./Core/Src/button.o
 .debug_macro   0x0000000000014565       0x3c ./Core/Src/button.o
 .debug_macro   0x00000000000145a1       0x57 ./Core/Src/button.o
 .debug_macro   0x00000000000145f8       0x88 ./Core/Src/button.o
 .debug_macro   0x0000000000014680      0x183 ./Core/Src/button.o
 .debug_macro   0x0000000000014803      0x141 ./Core/Src/button.o
 .debug_macro   0x0000000000014944      0x8d1 ./Core/Src/button.o
 .debug_macro   0x0000000000015215       0x69 ./Core/Src/button.o
 .debug_macro   0x000000000001527e       0x88 ./Core/Src/button.o
 .debug_macro   0x0000000000015306      0x1b1 ./Core/Src/display.o
 .debug_macro   0x00000000000154b7      0x1dd ./Core/Src/fsm_automatic.o
 .debug_macro   0x0000000000015694       0x40 ./Core/Src/fsm_automatic.o
 .debug_macro   0x00000000000156d4       0x10 ./Core/Src/fsm_automatic.o
 .debug_macro   0x00000000000156e4      0x1dd ./Core/Src/fsm_button.o
 .debug_macro   0x00000000000158c1       0x1a ./Core/Src/global.o
 .debug_macro   0x00000000000158db      0x1fa ./Core/Src/main.o
 .debug_macro   0x0000000000015ad5      0x1d0 ./Core/Src/software_timer.o
 .debug_macro   0x0000000000015ca5      0x1a7 ./Core/Src/stm32f1xx_hal_msp.o
 .debug_macro   0x0000000000015e4c      0x1b1 ./Core/Src/stm32f1xx_it.o
 .debug_macro   0x0000000000015ffd      0x198 ./Core/Src/system_stm32f1xx.o
 .debug_macro   0x0000000000016195      0x1bc ./Drivers/STM32F1xx_HAL_Driver/Src/stm32f1xx_hal.o
 .debug_macro   0x0000000000016351      0x198 ./Drivers/STM32F1xx_HAL_Driver/Src/stm32f1xx_hal_cortex.o
 .debug_macro   0x00000000000164e9      0x203 ./Drivers/STM32F1xx_HAL_Driver/Src/stm32f1xx_hal_gpio.o
 .debug_macro   0x00000000000166ec      0x1aa ./Drivers/STM32F1xx_HAL_Driver/Src/stm32f1xx_hal_rcc.o
 .debug_macro   0x0000000000016896      0x199 ./Drivers/STM32F1xx_HAL_Driver/Src/stm32f1xx_hal_tim.o
 .debug_macro   0x0000000000016a2f      0x198 ./Drivers/STM32F1xx_HAL_Driver/Src/stm32f1xx_hal_tim_ex.o

.debug_line     0x0000000000000000     0xb8ed
 .debug_line    0x0000000000000000      0x707 ./Core/Src/button.o
 .debug_line    0x0000000000000707      0x6d9 ./Core/Src/display.o
 .debug_line    0x0000000000000de0      0x6fe ./Core/Src/fsm_automatic.o
 .debug_line    0x00000000000014de      0x7fd ./Core/Src/fsm_button.o
 .debug_line    0x0000000000001cdb       0x4d ./Core/Src/global.o
 .debug_line    0x0000000000001d28      0x811 ./Core/Src/main.o
 .debug_line    0x0000000000002539      0x79d ./Core/Src/software_timer.o
 .debug_line    0x0000000000002cd6      0x6cc ./Core/Src/stm32f1xx_hal_msp.o
 .debug_line    0x00000000000033a2      0x76c ./Core/Src/stm32f1xx_it.o
 .debug_line    0x0000000000003b0e      0x710 ./Core/Src/system_stm32f1xx.o
 .debug_line    0x000000000000421e       0x87 ./Core/Startup/startup_stm32f103c6ux.o
 .debug_line    0x00000000000042a5      0x93d ./Drivers/STM32F1xx_HAL_Driver/Src/stm32f1xx_hal.o
 .debug_line    0x0000000000004be2      0xb25 ./Drivers/STM32F1xx_HAL_Driver/Src/stm32f1xx_hal_cortex.o
 .debug_line    0x0000000000005707      0x9bf ./Drivers/STM32F1xx_HAL_Driver/Src/stm32f1xx_hal_gpio.o
 .debug_line    0x00000000000060c6      0xd4b ./Drivers/STM32F1xx_HAL_Driver/Src/stm32f1xx_hal_rcc.o
 .debug_line    0x0000000000006e11     0x32a9 ./Drivers/STM32F1xx_HAL_Driver/Src/stm32f1xx_hal_tim.o
 .debug_line    0x000000000000a0ba     0x1833 ./Drivers/STM32F1xx_HAL_Driver/Src/stm32f1xx_hal_tim_ex.o

.debug_str      0x0000000000000000    0x81f6b
 .debug_str     0x0000000000000000    0x7f280 ./Core/Src/button.o
                                      0x7f5cb (size before relaxing)
 .debug_str     0x000000000007f280       0x44 ./Core/Src/display.o
                                      0x7f51f (size before relaxing)
 .debug_str     0x000000000007f2c4      0x185 ./Core/Src/fsm_automatic.o
                                      0x7f67a (size before relaxing)
 .debug_str     0x000000000007f449       0xa8 ./Core/Src/fsm_button.o
                                      0x7f64c (size before relaxing)
 .debug_str     0x000000000007f4f1       0x15 ./Core/Src/global.o
                                       0x2d86 (size before relaxing)
 .debug_str     0x000000000007f506      0x7a0 ./Core/Src/main.o
                                      0x7fec7 (size before relaxing)
 .debug_str     0x000000000007fca6       0x9b ./Core/Src/software_timer.o
                                      0x7f681 (size before relaxing)
 .debug_str     0x000000000007fd41      0x2d2 ./Core/Src/stm32f1xx_hal_msp.o
                                      0x7fcbd (size before relaxing)
 .debug_str     0x0000000000080013       0xec ./Core/Src/stm32f1xx_it.o
                                      0x7fa26 (size before relaxing)
 .debug_str     0x00000000000800ff       0x88 ./Core/Src/system_stm32f1xx.o
                                      0x7f381 (size before relaxing)
 .debug_str     0x0000000000080187       0x36 ./Core/Startup/startup_stm32f103c6ux.o
                                         0x7f (size before relaxing)
 .debug_str     0x00000000000801bd      0x38e ./Drivers/STM32F1xx_HAL_Driver/Src/stm32f1xx_hal.o
                                      0x7fa7a (size before relaxing)
 .debug_str     0x000000000008054b      0x29e ./Drivers/STM32F1xx_HAL_Driver/Src/stm32f1xx_hal_cortex.o
                                      0x7f9c6 (size before relaxing)
 .debug_str     0x00000000000807e9      0x2f6 ./Drivers/STM32F1xx_HAL_Driver/Src/stm32f1xx_hal_gpio.o
                                      0x7f707 (size before relaxing)
 .debug_str     0x0000000000080adf      0x229 ./Drivers/STM32F1xx_HAL_Driver/Src/stm32f1xx_hal_rcc.o
                                      0x7f7b0 (size before relaxing)
 .debug_str     0x0000000000080d08      0xdd0 ./Drivers/STM32F1xx_HAL_Driver/Src/stm32f1xx_hal_tim.o
                                      0x8079b (size before relaxing)
 .debug_str     0x0000000000081ad8      0x493 ./Drivers/STM32F1xx_HAL_Driver/Src/stm32f1xx_hal_tim_ex.o
                                      0x7ffb7 (size before relaxing)

.comment        0x0000000000000000       0x50
 .comment       0x0000000000000000       0x50 ./Core/Src/button.o
                                         0x51 (size before relaxing)
 .comment       0x0000000000000050       0x51 ./Core/Src/display.o
 .comment       0x0000000000000050       0x51 ./Core/Src/fsm_automatic.o
 .comment       0x0000000000000050       0x51 ./Core/Src/fsm_button.o
 .comment       0x0000000000000050       0x51 ./Core/Src/global.o
 .comment       0x0000000000000050       0x51 ./Core/Src/main.o
 .comment       0x0000000000000050       0x51 ./Core/Src/software_timer.o
 .comment       0x0000000000000050       0x51 ./Core/Src/stm32f1xx_hal_msp.o
 .comment       0x0000000000000050       0x51 ./Core/Src/stm32f1xx_it.o
 .comment       0x0000000000000050       0x51 ./Core/Src/system_stm32f1xx.o
 .comment       0x0000000000000050       0x51 ./Drivers/STM32F1xx_HAL_Driver/Src/stm32f1xx_hal.o
 .comment       0x0000000000000050       0x51 ./Drivers/STM32F1xx_HAL_Driver/Src/stm32f1xx_hal_cortex.o
 .comment       0x0000000000000050       0x51 ./Drivers/STM32F1xx_HAL_Driver/Src/stm32f1xx_hal_gpio.o
 .comment       0x0000000000000050       0x51 ./Drivers/STM32F1xx_HAL_Driver/Src/stm32f1xx_hal_rcc.o
 .comment       0x0000000000000050       0x51 ./Drivers/STM32F1xx_HAL_Driver/Src/stm32f1xx_hal_tim.o
 .comment       0x0000000000000050       0x51 ./Drivers/STM32F1xx_HAL_Driver/Src/stm32f1xx_hal_tim_ex.o

.debug_frame    0x0000000000000000     0x27fc
 .debug_frame   0x0000000000000000       0x34 ./Core/Src/button.o
 .debug_frame   0x0000000000000034       0x38 ./Core/Src/display.o
 .debug_frame   0x000000000000006c       0x2c ./Core/Src/fsm_automatic.o
 .debug_frame   0x0000000000000098       0x90 ./Core/Src/fsm_button.o
 .debug_frame   0x0000000000000128       0xd4 ./Core/Src/main.o
 .debug_frame   0x00000000000001fc      0x108 ./Core/Src/software_timer.o
 .debug_frame   0x0000000000000304       0x80 ./Core/Src/stm32f1xx_hal_msp.o
 .debug_frame   0x0000000000000384      0x120 ./Core/Src/stm32f1xx_it.o
 .debug_frame   0x00000000000004a4       0x58 ./Core/Src/system_stm32f1xx.o
 .debug_frame   0x00000000000004fc      0x334 ./Drivers/STM32F1xx_HAL_Driver/Src/stm32f1xx_hal.o
 .debug_frame   0x0000000000000830      0x428 ./Drivers/STM32F1xx_HAL_Driver/Src/stm32f1xx_hal_cortex.o
 .debug_frame   0x0000000000000c58      0x14c ./Drivers/STM32F1xx_HAL_Driver/Src/stm32f1xx_hal_gpio.o
 .debug_frame   0x0000000000000da4      0x21c ./Drivers/STM32F1xx_HAL_Driver/Src/stm32f1xx_hal_rcc.o
 .debug_frame   0x0000000000000fc0     0x11b8 ./Drivers/STM32F1xx_HAL_Driver/Src/stm32f1xx_hal_tim.o
 .debug_frame   0x0000000000002178      0x638 ./Drivers/STM32F1xx_HAL_Driver/Src/stm32f1xx_hal_tim_ex.o
 .debug_frame   0x00000000000027b0       0x2c c:/program files/st/stm32cubeide_1.10.1/stm32cubeide/plugins/com.st.stm32cube.ide.mcu.externaltools.gnu-tools-for-stm32.10.3-2021.10.win32_1.0.0.202111181127/tools/bin/../lib/gcc/arm-none-eabi/10.3.1/../../../../arm-none-eabi/lib/thumb/v7-m/nofp\libc_nano.a(lib_a-init.o)
 .debug_frame   0x00000000000027dc       0x20 c:/program files/st/stm32cubeide_1.10.1/stm32cubeide/plugins/com.st.stm32cube.ide.mcu.externaltools.gnu-tools-for-stm32.10.3-2021.10.win32_1.0.0.202111181127/tools/bin/../lib/gcc/arm-none-eabi/10.3.1/../../../../arm-none-eabi/lib/thumb/v7-m/nofp\libc_nano.a(lib_a-memset.o)
